
> point-on-sale@1.0.0 build
> next build

▲ Next.js 16.1.6 (Turbopack)

  Creating an optimized production build ...
✓ Compiled successfully in 10.9s
  Running TypeScript ...
  Collecting page data using 11 workers ...
  Generating static pages using 11 workers (0/18) ...
  Generating static pages using 11 workers (4/18) 
  Generating static pages using 11 workers (8/18) 
  Generating static pages using 11 workers (13/18) 
✓ Generating static pages using 11 workers (18/18) in 916.4ms
  Finalizing page optimization ...

Route (app)
┌ ○ /
├ ○ /_not-found
├ ƒ /api/analytics
├ ƒ /api/auth/[...nextauth]
├ ƒ /api/category
├ ƒ /api/menu
├ ƒ /api/order
├ ƒ /api/order/[id]
├ ƒ /api/order/[id]/history
├ ƒ /api/order/[id]/items
├ ƒ /api/receipt-template
├ ƒ /api/settings
├ ƒ /api/user
├ ƒ /api/user/[id]/reset-password
├ ○ /dashboard
├ ○ /kasir
├ ○ /laporan
├ ○ /login
├ ○ /menu
├ ○ /pengaturan
├ ○ /pesanan
└ ○ /users


ƒ Proxy (Middleware)

○  (Static)   prerendered as static content
ƒ  (Dynamic)  server-rendered on demand

